error: this name uses a class its descriptor does not permit
 --> tests/errors/bad-descriptor.val:3:86
  |
3 | privacy:local, memory:static, type:integer.1-sign-bit.31-value-bits.twos-complement, name.string.end: "two words" = '1'end
  |                                                                                      ^^^^^^^^^^^^^^^
  = the descriptor permits: string
  = but "two words" contains ` `, which is space
  = write: name.string.space.end
