error: expected `memory` as the second attribute of a declaration, found `type`
 --> tests/errors/missing-attribute.val:3:16
  |
3 | privacy:local, type:integer.1-sign-bit.31-value-bits.twos-complement, name.string.end: "n" = '1'end
  |                ^^^^
  = a declaration states, in this order: privacy, memory, type, name — and omits none of them
