tests/errors/no-such-layout.val:4:36
file: tests/errors/no-such-layout.val
line: 4
column: 36
rule broke & where: a float layout is one of four; none has 9 exponent bits and 22 explicit mantissa bits
suggested fix: use 5/10 (half), 8/7 (bfloat), 8/23 (single) or 11/52 (double) — the mantissa count excludes the implicit leading one
